[www.plain.com/index.html]
[backblue.gif]
[fade.gif]
[index.html]
[www.plain.com/product.html]
[www.plain.com/customers.html]
[www.plain.com/pricing.html]
[www.plain.com/lets-chat.html]
[www.plain.com/blog/we-ve-raised-a-15m-series-af073.html]
[www.plain.com/docs/security.html]
[www.plain.com/blog.html]
[www.plain.com/channels/slack.html]
[www.plain.com/channels/microsoft-teams.html]
[www.plain.com/docs/integrations/discourse.html]
[www.plain.com/channels/email.html]
[www.plain.com/channels/contact-forms.html]
[www.plain.com/channels/headless-portal.html]
[www.plain.com/docs/chat.html]
[www.plain.com/careers.html]
[www.plain.com/manifesto.html]
[www.plain.com/legal/privacy-policy.html]
[www.plain.com/legal/cookie-policy.html]
[www.plain.com/legal/terms-and-conditions.html]
[www.plain.com/legal/website-terms.html]
[www.plain.com/index.html]
[www.plain.com/legal/dpa.html]
[www.plain.com/feature/plain-broadcasts.html]
[www.plain.com/docs/microsoft-teams.html]
[www.plain.com/docs/email.html]
[www.plain.com/docs/contact-forms.html]
[www.plain.com/product.html]
[www.plain.com/docs/thread-fields.html]
[www.plain.com/customers/raycast.html]
[www.plain.com/customers/stytch.html]
[www.plain.com/customers/granola.html]
[www.plain.com/customers/fly-io.html]
[www.plain.com/customers/clerk.html]
[www.plain.com/customers/dynamic.html]
[www.plain.com/customers/voltage-park.html]
[www.plain.com/customers/resend.html]
[www.plain.com/customers/kinde.html]
[www.plain.com/customers/axiom.html]
[www.plain.com/customers/hypermode.html]
[www.plain.com/customers/prisma.html]
[www.plain.com/customers/codesandbox.html]
[www.plain.com/customers/saleor.html]
[www.plain.com/customers/laravel.html]
[www.plain.com/customers/sanity.html]
[www.plain.com/customers/galileo.html]
[www.plain.com/customers/mintlify.html]
[www.plain.com/customers/motherduck.html]
[www.plain.com/customers/dub-co.html]
[www.plain.com/customers/kick.html]
[www.plain.com/customers/nango.html]
[www.plain.com/customers/nmkr.html]
[www.plain.com/customers/arcane.html]
[www.plain.com/customers/metaview.html]
[www.plain.com/customers/novu.html]
[www.plain.com/customers/tella.html]
[www.plain.com/customers/vantage.html]
[www.plain.com/customers/standards.html]
[www.plain.com/customers/rocketnode.html]
[www.plain.com/customers/primo.html]
[www.plain.com/customers/mergify.html]
[www.plain.com/customers/liveblocks.html]
[www.plain.com/customers/integral.html]
[www.plain.com/customers/inngest.html]
[www.plain.com/customers/graphy.html]
[www.plain.com/customers/convex.html]
[www.plain.com/customers.html]
[www.plain.com/customers/spline.html]
[www.plain.com/docs/index.html]
[www.plain.com/docs/quickstart.html]
[www.plain.com/pricing.html]
[www.plain.com/lets-chat.html]
[www.plain.com/blog/we-ve-raised-a-15m-series-af073.html]
[www.plain.com/startups.html]
[www.plain.com/docs/sitemap.xml]
[www.plain.com/docs/_next/static/media/a34f9d1faa5f3315-s.p.woff2]
[www.plain.com/docs/_next/static/media/bb3ef058b751a6ad-s.p.woff2]
[www.plain.com/docs/_next/static/css/4d0aaccfa482b9d3.css]
[www.plain.com/docs/_next/static/chunks/polyfills-42372ed130431b0a.js]
[www.plain.com/docs/_next/static/chunks/webpack-2930143a581b7923.js]
[www.plain.com/docs/_next/static/chunks/framework-9ae01a5f4ade81f5.js]
[www.plain.com/docs/_next/static/chunks/main-8a1046ec06751e09.js]
[www.plain.com/docs/_next/static/chunks/pages/_app-bfd585063c6b7444.js]
[www.plain.com/docs/_next/static/chunks/2edb282b-a83f7ffd007bccf0.js]
[www.plain.com/docs/_next/static/chunks/e893f787-f6a1094a35763a0d.js]
[www.plain.com/docs/_next/static/chunks/086d643d-6f7196a364073d16.js]
[www.plain.com/docs/_next/static/chunks/9097-597bce25a41f76db.js]
[www.plain.com/docs/_next/static/chunks/7669-b7b6e74eb838f0fc.js]
[www.plain.com/docs/_next/static/chunks/7610-e463a3dc6ba2cbb8.js]
[www.plain.com/docs/_next/static/chunks/40-f2aa17fd5554d7a0.js]
[www.plain.com/docs/_next/static/chunks/pages/_sites/[subdomain]/[[...slug]]-79e8424968849281.js]
[www.plain.com/docs/_next/static/ddIRkWCFLziDS86DQCfLU/_buildManifest.js]
[www.plain.com/docs/_next/static/ddIRkWCFLziDS86DQCfLU/_ssgManifest.js]
[www.plain.com/docs/api-reference/graphql/introduction.html]
[www.plain.com/docs/knowledge-base/overview.html]
[www.plain.com/docs/data-model.html]
[www.plain.com/docs/headless-support-portal.html]
[www.plain.com/docs/statuses.html]
[www.plain.com/docs/notifications.html]
[www.plain.com/docs/assignment.html]
[www.plain.com/docs/tiers.html]
[www.plain.com/docs/priorities.html]
[www.plain.com/docs/labels.html]
[www.plain.com/docs/syntax-highlighting.html]
[www.plain.com/docs/snippets.html]
[www.plain.com/docs/shortcuts.html]
[www.plain.com/docs/auto-responses.html]
[www.plain.com/docs/workflow-rules.html]
[www.plain.com/docs/digests.html]
[www.plain.com/docs/broadcasts.html]
[www.plain.com/docs/roles-in-plain.html]
[www.plain.com/docs/saved-views.html]
[www.plain.com/docs/favorite-pages.html]
[www.plain.com/docs/integrations/linear.html]
[www.plain.com/docs/integrations/jira.html]
[www.plain.com/docs/integrations/salesforce.html]
[www.plain.com/docs/integrations/zendesk.html]
[www.plain.com/docs/integrations/helpscout.html]
[www.plain.com/docs/integrations/hubspot.html]
[www.plain.com/docs/company-support.html]
[www.plain.com/docs/tenant-support.html]
[www.plain.com/docs/thread-discussions.html]
[www.plain.com/docs/customer-cards.html]
[www.plain.com/docs/customer-groups.html]
[www.plain.com/docs/events.html]
[www.plain.com/docs/security.html]
[www.plain.com/docs/api-reference/request-signing.html]
[www.plain.com/blog/we-ve-raised-a-15m-series-a.html]
[www.plain.com/blog/how-we-re-managing-b2b-support-at-plain-over-the-holidays.html]
[www.plain.com/blog/headless-or-pre-built-support-portal-which-one-should-you-choose.html]
[www.plain.com/blog/migrate-from-zendesk-to-plain.html]
[www.plain.com/blog/how-we-re-building-support-at-plain-a-blueprint-for-controlled-chaos.html]
[www.plain.com/blog/dogfooding-at-plain.html]
[www.plain.com/blog.html]
[www.plain.com/blog/tips-to-build-better-customer-relationships-with-broadcasts.html]
[www.plain.com/docs/slack/ingestion-modes.html]
[www.plain.com/docs/plain-ai.html]
[www.plain.com/docs/api-reference/customer-cards.html]
[www.plain.com/channels/slack.html]
[www.plain.com/docs/slack.html]
[www.plain.com/channels/microsoft-teams.html]
[www.plain.com/docs/integrations/discourse.html]
[www.plain.com/docs/microsoft-teams/installation.html]
[www.plain.com/channels/email.html]
[www.plain.com/docs/api-reference/graphql/threads/thread-fields.html]
[www.plain.com/channels/contact-forms.html]
[www.plain.com/channels/headless-portal.html]
[www.plain.com/blog/principles-for-building-modern-contact-forms.html]
[www.plain.com/docs/chat/customization.html]
[www.plain.com/docs/chat/authentication.html]
[www.plain.com/docs/chat.html]
[www.plain.com/docs/discord/overview.html]
[www.plain.com/careers/content-marketer.html]
[www.plain.com/careers/growth-marketer.html]
[www.plain.com/careers/founding-account-executive-san-francisco-expansion.html]
[www.plain.com/careers/account-executive.html]
[www.plain.com/careers/senior-product-engineer.html]
[www.plain.com/careers/senior-ui-engineer.html]
[www.plain.com/careers.html]
[www.plain.com/manifesto.html]
[www.plain.com/legal/privacy-policy.html]
[www.plain.com/legal/cookie-policy.html]
[www.plain.com/careers/senior-product-designer.html]
[www.plain.com/legal/terms-and-conditions.html]
[www.plain.com/legal/website-terms.html]
[www.plain.com/legal/acceptable-use-policy.html]
[www.plain.com/legal/dpa.html]
[www.plain.com/feature/plain-broadcasts.html]
[www.plain.com/docs/microsoft-teams.html]
[www.plain.com/legal/subprocessors.html]
[www.plain.com/docs/email/receiving.html]
[www.plain.com/docs/email/sending.html]
[www.plain.com/docs/email/alternate-emails.html]
[www.plain.com/docs/email.html]
[www.plain.com/docs/email/email-avatars.html]
[www.plain.com/docs/api-reference/graphql/customers/upsert.html]
[www.plain.com/docs/api-reference/graphql/threads/create.html]
[www.plain.com/docs/contact-forms.html]
[www.plain.com/docs/thread-fields.html]
[www.plain.com/customers/raycast.html]
[www.plain.com/customers/stytch.html]
[www.plain.com/customers/granola.html]
[www.plain.com/customers/fly-io.html]
[www.plain.com/customers/clerk.html]
[www.plain.com/customers/dynamic.html]
[www.plain.com/customers/voltage-park.html]
[www.plain.com/customers/resend.html]
[www.plain.com/docs/api-reference/graphql/customers/customer-groups.html]
[www.plain.com/docs/plain-ai/workflow.html]
[www.plain.com/customers/kinde.html]
[www.plain.com/docs/plain-ai/suggested-responses.html]
[www.plain.com/customers/axiom.html]
[www.plain.com/customers/hypermode.html]
[www.plain.com/customers/prisma.html]
[www.plain.com/customers/codesandbox.html]
[www.plain.com/customers/saleor.html]
[www.plain.com/customers/laravel.html]
[www.plain.com/customers/sanity.html]
[www.plain.com/customers/galileo.html]
[www.plain.com/customers/mintlify.html]
[www.plain.com/customers/motherduck.html]
[www.plain.com/customers/dub-co.html]
[www.plain.com/customers/kick.html]
[www.plain.com/customers/nango.html]
[www.plain.com/customers/nmkr.html]
[www.plain.com/customers/arcane.html]
[www.plain.com/customers/metaview.html]
[www.plain.com/customers/novu.html]
[www.plain.com/customers/tella.html]
[www.plain.com/customers/vantage.html]
[www.plain.com/customers/standards.html]
[www.plain.com/customers/rocketnode.html]
[www.plain.com/customers/primo.html]
[www.plain.com/customers/mergify.html]
[www.plain.com/customers/liveblocks.html]
[www.plain.com/customers/integral.html]
[www.plain.com/customers/inngest.html]
[www.plain.com/customers/graphy.html]
[www.plain.com/customers/convex.html]
[www.plain.com/customers/spline.html]
[www.plain.com/docs/quickstart.html]
[www.plain.com/startups.html]
[www.plain.com/docs/_next/static/media/55c55f0601d81cf3-s.woff2]
[www.plain.com/docs/_next/static/media/26a46d62cd723877-s.woff2]
[www.plain.com/docs/_next/static/media/97e0cb1ae144a2a9-s.woff2]
[www.plain.com/docs/_next/static/media/581909926a08bbc8-s.woff2]
[www.plain.com/docs/_next/static/media/df0a9ae256c0569c-s.woff2]
[www.plain.com/docs/_next/static/media/6d93bde91c0c2823-s.woff2]
[www.plain.com/docs/_next/static/media/886030b0b59bc5a7-s.woff2]
[www.plain.com/docs/_next/static/media/0aa834ed78bf6d07-s.woff2]
[www.plain.com/docs/_next/static/media/67957d42bae0796d-s.woff2]
[www.plain.com/docs/_next/static/media/f911b923c6adde36-s.woff2]
[www.plain.com/docs/_next/static/media/939c4f875ee75fbb-s.woff2]
[www.plain.com/docs/_next/static/css/4d0aaccfa482b9d3.css]
[www.plain.com/docs/api-reference/graphql/authentication.html]
[www.plain.com/docs/api-reference/graphql/schema.html]
[www.plain.com/docs/api-reference/graphql/pagination.html]
[www.plain.com/docs/api-reference/graphql/error-handling.html]
[www.plain.com/docs/api-reference/graphql/error-codes.html]
[www.plain.com/docs/api-reference/mtls.html]
[www.plain.com/docs/api-reference/graphql/introduction.html]
[www.plain.com/docs/api-reference/attachments.html]
[www.plain.com/docs/knowledge-base/kb-personal-email.html]
[www.plain.com/docs/knowledge-base/kb-setup-time.html]
[www.plain.com/docs/knowledge-base/kb-soc2.html]
[www.plain.com/docs/knowledge-base/overview.html]
[www.plain.com/docs/data-model.html]
[www.plain.com/docs/knowledge-base/kb-forwarding-emails.html]
[www.plain.com/docs/api-reference/graphql/tenants.html]
[www.plain.com/docs/api-reference/graphql/tenants/upsert.html]
[www.plain.com/docs/api-reference/graphql/tenants/add-customers.html]
[www.plain.com/docs/headless-support-portal.html]
[www.plain.com/docs/statuses.html]
[www.plain.com/docs/notifications.html]
[www.plain.com/docs/assignment.html]
[www.plain.com/docs/api-reference/graphql/messaging/reply-to-thread.html]
[www.plain.com/docs/api-reference/graphql/tiers.html]
[www.plain.com/docs/api-reference/webhooks/thread-service-level-agreement-status-transitioned.html]
[www.plain.com/docs/tiers.html]
[www.plain.com/docs/priorities.html]
[www.plain.com/docs/plain-ai/knowledge-sources.html]
[www.plain.com/docs/labels.html]
[www.plain.com/docs/api-reference/graphql/labels.html]
[www.plain.com/docs/syntax-highlighting.html]
[www.plain.com/docs/reporting.html]
[www.plain.com/docs/snippets.html]
[www.plain.com/docs/shortcuts.html]
[www.plain.com/docs/reporting/metrics.html]
[www.plain.com/docs/auto-responses.html]
[www.plain.com/docs/workflow-rules.html]
[www.plain.com/docs/digests.html]
[www.plain.com/docs/broadcasts.html]
[www.plain.com/docs/roles-in-plain.html]
[www.plain.com/docs/saved-views.html]
[www.plain.com/docs/favorite-pages.html]
[www.plain.com/docs/integrations/linear.html]
[www.plain.com/docs/integrations/jira.html]
[www.plain.com/docs/integrations/salesforce.html]
[www.plain.com/docs/api-reference/graphql/threads/autoresponders.html]
[www.plain.com/docs/api-reference/graphql/customers.html]
[www.plain.com/docs/integrations/zendesk.html]
[www.plain.com/docs/integrations/helpscout.html]
[www.plain.com/docs/integrations/hubspot.html]
[www.plain.com/docs/api-reference/graphql/threads.html]
[www.plain.com/docs/company-support.html]
[www.plain.com/docs/tenant-support.html]
[www.plain.com/docs/thread-discussions.html]
[www.plain.com/docs/customer-cards.html]
[www.plain.com/docs/customer-groups.html]
[www.plain.com/docs/api-reference/graphql/companies.html]
[www.plain.com/docs/api-reference/ui-components.html]
[www.plain.com/docs/events.html]
[www.plain.com/legal/dpa/index.html]
[www.plain.com/docs/api-reference/graphql/events.html]
[www.plain.com/docs/api-reference/request-signing.html]
[www.plain.com/blog/we-ve-raised-a-15m-series-a.html]
[www.plain.com/blog/how-we-re-managing-b2b-support-at-plain-over-the-holidays.html]
[www.plain.com/blog/headless-or-pre-built-support-portal-which-one-should-you-choose.html]
[www.plain.com/blog/migrate-from-zendesk-to-plain.html]
[www.plain.com/blog/how-we-re-building-support-at-plain-a-blueprint-for-controlled-chaos.html]
[www.plain.com/docs/api-reference/webhooks/customer-group-membership-changed.html]
[www.plain.com/blog/a-status-update]
[www.plain.com/blog/ai-powered-support-answers-are-only-as-good-as-the-information-you-feed-it]
[www.plain.com/blog/dogfooding-at-plain.html]
[www.plain.com/blog/why-whole-company-support-works-at-plain.html]
[www.plain.com/blog/tips-to-build-better-customer-relationships-with-broadcasts.html]
[www.plain.com/blog/moving-fast-with-high-reliability-lessons-from-building-slack-for-plain.html]
[www.plain.com/docs/slack/ingestion-modes.html]
[www.plain.com/docs/plain-ai.html]
[www.plain.com/docs/slack/data-retention.html]
[www.plain.com/docs/api-reference/customer-cards/create-a-customer-card.html]
[www.plain.com/docs/api-reference/customer-cards/protocol.html]
[www.plain.com/docs/api-reference/customer-cards.html]
[www.plain.com/docs/slack.html]
[www.plain.com/docs/microsoft-teams/installation.html]
[www.plain.com/docs/api-reference/graphql/typescript-sdk.html]
[www.plain.com/docs/api-reference/graphql/threads/assignment.html]
[www.plain.com/docs/api-reference/graphql/threads/thread-fields.html]
[www.plain.com/blog/principles-for-building-modern-contact-forms.html]
[www.plain.com/docs/chat/customization.html]
[www.plain.com/docs/chat/authentication.html]
[www.plain.com/docs/discord/overview.html]
[www.plain.com/careers/content-marketer.html]
[www.plain.com/careers/growth-marketer.html]
[www.plain.com/careers/founding-account-executive-san-francisco-expansion.html]
[www.plain.com/careers/account-executive.html]
[www.plain.com/careers/senior-product-engineer.html]
[www.plain.com/careers/senior-ui-engineer.html]
[www.plain.com/careers/senior-product-designer.html]
[www.plain.com/legal/acceptable-use-policy.html]
[www.plain.com/pricing/index.html]
[www.plain.com/legal/subprocessors.html]
[www.plain.com/docs/email/receiving.html]
[www.plain.com/docs/email/sending.html]
[www.plain.com/docs/email/alternate-emails.html]
[www.plain.com/docs/email/email-avatars.html]
[www.plain.com/docs/api-reference/graphql/threads/status-changes.html]
[www.plain.com/docs/api-reference/graphql/customers/get.html]
[www.plain.com/docs/api-reference/graphql/customers/upsert.html]
[www.plain.com/docs/api-reference/graphql/threads/create.html]
[www.plain.com/docs/api-reference/graphql/customers/customer-groups.html]
[www.plain.com/docs/plain-ai/workflow.html]
[www.plain.com/docs/plain-ai/suggested-responses.html]
[www.plain.com/docs/api-reference/graphql/authentication.html]
[www.plain.com/docs/api-reference/graphql/schema.html]
[www.plain.com/docs/api-reference/graphql/customers/delete.html]
[www.plain.com/docs/api-reference/graphql/pagination.html]
[www.plain.com/docs/api-reference/graphql/error-handling.html]
[www.plain.com/docs/api-reference/graphql/messaging/reply-email.html]
[www.plain.com/docs/api-reference/graphql/error-codes.html]
[www.plain.com/docs/api-reference/mtls.html]
[www.plain.com/docs/api-reference/graphql/api-explorer.html]
[www.plain.com/docs/api-reference/attachments.html]
[www.plain.com/docs/knowledge-base/kb-personal-email.html]
[www.plain.com/docs/knowledge-base/kb-setup-time.html]
[www.plain.com/docs/knowledge-base/kb-soc2.html]
[www.plain.com/docs/knowledge-base/kb-forwarding-emails.html]
[www.plain.com/docs/api-reference/ui-components/text.html]
[www.plain.com/docs/api-reference/graphql/tenants/get.html]
[www.plain.com/docs/api-reference/graphql/tenants/remove-customers.html]
[www.plain.com/docs/api-reference/graphql/tenants/set-customer-tenants.html]
[www.plain.com/docs/api-reference/graphql/tenants.html]
[www.plain.com/docs/api-reference/graphql/tenants/upsert.html]
[www.plain.com/docs/api-reference/graphql/tenants/add-customers.html]
[www.plain.com/docs/api-reference/graphql/companies/update-customer-company.html]
[www.plain.com/docs/api-reference/graphql/messaging.html]
[www.plain.com/docs/api-reference/graphql/messaging/reply-to-thread.html]
[www.plain.com/docs/api-reference/graphql/messaging/send-email.html]
[www.plain.com/docs/api-reference/graphql/tiers/get.html]
[www.plain.com/docs/api-reference/graphql/tiers/update-company-tier.html]
[www.plain.com/docs/api-reference/graphql/tiers/update-tenant-tier.html]
[www.plain.com/docs/api-reference/graphql/tiers/add-members.html]
[www.plain.com/docs/api-reference/graphql/tiers.html]
[www.plain.com/docs/api-reference/graphql/tiers/remove-members.html]
[www.plain.com/docs/api-reference/webhooks.html]
[www.plain.com/docs/api-reference/webhooks/versions.html]
[www.plain.com/docs/api-reference/webhooks/typescript.html]
[www.plain.com/docs/api-reference/webhooks/thread-created.html]
[www.plain.com/docs/api-reference/webhooks/thread-status-transitioned.html]
[www.plain.com/docs/api-reference/webhooks/thread-assignment-transitioned.html]
[www.plain.com/docs/api-reference/webhooks/thread-labels-changed.html]
[www.plain.com/docs/api-reference/webhooks/thread-priority-changed.html]
[www.plain.com/docs/api-reference/webhooks/thread-note-created.html]
[www.plain.com/docs/api-reference/webhooks/thread-email-received.html]
[www.plain.com/docs/api-reference/webhooks/thread-email-sent.html]
[www.plain.com/docs/api-reference/webhooks/thread-slack-message-received.html]
[www.plain.com/docs/api-reference/webhooks/thread-slack-message-sent.html]
[www.plain.com/docs/api-reference/webhooks/thread-chat-sent.html]
[www.plain.com/docs/api-reference/webhooks/thread-chat-received.html]
[www.plain.com/docs/api-reference/webhooks/thread-field-created.html]
[www.plain.com/docs/api-reference/webhooks/thread-field-updated.html]
[www.plain.com/docs/api-reference/webhooks/thread-field-deleted.html]
[www.plain.com/docs/api-reference/webhooks/customer-created.html]
[www.plain.com/docs/api-reference/webhooks/customer-updated.html]
[www.plain.com/docs/api-reference/webhooks/thread-service-level-agreement-status-transitioned.html]
[www.plain.com/docs/plain-ai/knowledge-sources.html]
[www.plain.com/docs/api-reference/webhooks/customer-deleted.html]
[www.plain.com/docs/api-reference/graphql/labels/add.html]
[www.plain.com/docs/api-reference/graphql/labels/remove.html]
[www.plain.com/docs/api-reference/graphql/labels.html]
[www.plain.com/docs/api-reference/graphql/events/create-thread-event.html]
[www.plain.com/docs/reporting/using-reporting.html]
[www.plain.com/docs/reporting.html]
[www.plain.com/docs/reporting/metrics.html]
[www.plain.com/docs/api-reference/graphql/threads/autoresponders.html]
[www.plain.com/docs/api-reference/graphql/customers.html]
[www.plain.com/docs/api-reference/graphql/threads.html]
[www.plain.com/docs/reporting/team-reporting.html]
[www.plain.com/docs/api-reference/graphql/companies.html]
[www.plain.com/docs/api-reference/graphql/companies/get-companies.html]
[www.plain.com/docs/api-reference/ui-components/badge.html]
[www.plain.com/docs/api-reference/ui-components/container.html]
[www.plain.com/docs/api-reference/ui-components/copy-button.html]
[www.plain.com/docs/api-reference/ui-components/divider.html]
[www.plain.com/docs/api-reference/ui-components/link-button.html]
[www.plain.com/docs/api-reference/ui-components/plain-text.html]
[www.plain.com/docs/api-reference/ui-components/row.html]
[www.plain.com/docs/api-reference/ui-components.html]
[www.plain.com/docs/api-reference/ui-components/spacer.html]
[www.plain.com/docs/api-reference/graphql/events.html]
[www.plain.com/docs/api-reference/webhooks/customer-group-membership-changed.html]
[www.plain.com/blog/ai-powered-support-answers-are-only-as-good-as-the-information-you-feed-it]
[www.plain.com/blog/a-status-update]
[www.plain.com/blog/why-whole-company-support-works-at-plain.html]
[www.plain.com/blog/moving-fast-with-high-reliability-lessons-from-building-slack-for-plain.html]
[www.plain.com/docs/slack/data-retention.html]
[www.plain.com/docs/api-reference/customer-cards/create-a-customer-card.html]
[www.plain.com/docs/api-reference/graphql/events/create-customer-event.html]
[www.plain.com/docs/api-reference/customer-cards/protocol.html]
[www.plain.com/docs/api-reference/graphql/typescript-sdk.html]
[www.plain.com/docs/api-reference/graphql/threads/assignment.html]
[www.plain.com/docs/api-reference/graphql/threads/status-changes.html]
[www.plain.com/docs/api-reference/customer-cards/playground.html]
[www.plain.com/docs/api-reference/graphql/customers/get.html]
[www.plain.com/docs/api-reference/graphql/customers/delete.html]
[www.plain.com/docs/api-reference/graphql/messaging/reply-email.html]
[www.plain.com/docs/api-reference/graphql/api-explorer.html]
[www.plain.com/docs/api-reference/ui-components/text.html]
[www.plain.com/docs/api-reference/graphql/tenants/get.html]
[www.plain.com/docs/api-reference/graphql/tenants/remove-customers.html]
[www.plain.com/docs/api-reference/graphql/tenants/set-customer-tenants.html]
[www.plain.com/docs/api-reference/graphql/companies/update-customer-company.html]
[www.plain.com/docs/api-reference/graphql/messaging.html]
[www.plain.com/docs/api-reference/graphql/messaging/send-email.html]
[www.plain.com/docs/api-reference/graphql/tiers/get.html]
[www.plain.com/docs/api-reference/graphql/tiers/update-company-tier.html]
[www.plain.com/docs/api-reference/graphql/tiers/update-tenant-tier.html]
[www.plain.com/docs/api-reference/graphql/tiers/add-members.html]
[www.plain.com/docs/api-reference/graphql/tiers/remove-members.html]
[www.plain.com/docs/api-reference/webhooks.html]
[www.plain.com/docs/api-reference/customer-cards/examples.html]
[www.plain.com/docs/api-reference/webhooks/versions.html]
[www.plain.com/docs/api-reference/webhooks/typescript.html]
[www.plain.com/docs/api-reference/webhooks/thread-created.html]
[www.plain.com/docs/api-reference/webhooks/thread-status-transitioned.html]
[www.plain.com/docs/api-reference/webhooks/thread-assignment-transitioned.html]
[www.plain.com/docs/api-reference/webhooks/thread-labels-changed.html]
[www.plain.com/docs/api-reference/webhooks/thread-priority-changed.html]
[www.plain.com/docs/api-reference/webhooks/thread-note-created.html]
[www.plain.com/docs/api-reference/webhooks/thread-email-received.html]
[www.plain.com/docs/api-reference/webhooks/thread-email-sent.html]
[www.plain.com/docs/api-reference/webhooks/thread-slack-message-received.html]
[www.plain.com/docs/api-reference/webhooks/thread-slack-message-sent.html]
[www.plain.com/docs/api-reference/webhooks/thread-chat-sent.html]
[www.plain.com/docs/api-reference/webhooks/thread-chat-received.html]
[www.plain.com/docs/api-reference/webhooks/thread-field-created.html]
[www.plain.com/docs/api-reference/webhooks/thread-field-updated.html]
[www.plain.com/docs/api-reference/webhooks/thread-field-deleted.html]
[www.plain.com/docs/api-reference/webhooks/customer-created.html]
[www.plain.com/docs/api-reference/webhooks/customer-updated.html]
[www.plain.com/docs/api-reference/webhooks/customer-deleted.html]
[www.plain.com/docs/api-reference/graphql/labels/add.html]
[www.plain.com/docs/api-reference/graphql/labels/remove.html]
[www.plain.com/docs/api-reference/graphql/events/create-thread-event.html]
[www.plain.com/docs/reporting/using-reporting.html]
[www.plain.com/docs/reporting/team-reporting.html]
[www.plain.com/docs/api-reference/graphql/companies/get-companies.html]
[www.plain.com/docs/api-reference/ui-components/badge.html]
[www.plain.com/docs/api-reference/ui-components/container.html]
[www.plain.com/docs/api-reference/ui-components/copy-button.html]
[www.plain.com/docs/api-reference/ui-components/divider.html]
[www.plain.com/docs/api-reference/ui-components/link-button.html]
[www.plain.com/changelog.html]
[www.plain.com/api-reference/ui-components/text.117.delayed]
[www.plain.com/docs/api-reference/ui-components/plain-text.html]
[www.plain.com/docs/api-reference/ui-components/row.html]
[www.plain.com/docs/api-reference/ui-components/spacer.html]
[www.plain.com/docs/api-reference/graphql/events/create-customer-event.html]
[www.plain.com/docs/api-reference/customer-cards/playground.html]
[www.plain.com/docs/api-reference/customer-cards/examples.html]
[www.plain.com/changelog/the-first-discord-integration-for-b2b-support.html]
[www.plain.com/lets-chat2c75.html]
[www.plain.com/changelog/saved-views-and-favorite-pages.html]
[www.plain.com/changelog/linear-customer-requests-integration.html]
[www.plain.com/changelog/team-reporting.html]
[www.plain.com/changelog/ai-powered-suggested-responses.html]
[www.plain.com/changelog/updates-to-chat.html]
[www.plain.com/changelog/live-chat-beta.html]
[www.plain.com/changelog/new-ai-settings-page.html]
[www.plain.com/changelog/redesigned-sidebar.html]
[www.plain.com/changelog/jira-integration.html]
[www.plain.com/changelog/update-to-slack-digests.html]
[www.plain.com/changelog/multiple-assignees.html]
[www.plain.com/changelog/linear-issues.html]
[www.plain.com/changelog/kanban-board.html]
[www.plain.com/changelog/slack-digests.html]
[www.plain.com/changelog/upcoming-downtime-due-to-maintenance.html]
[www.plain.com/changelog/redesigned-support-queue.html]
[www.plain.com/changelog/automate-repetitive-tasks-with-workflow-rules.html]
[www.plain.com/changelog/auto-mark-customer-requests-as-done.html]
[www.plain.com/changelog/microsoft-teams-integration.html]
[www.plain.com/changelog/new-support-queue-statuses-in-plain.html]
[www.plain.com/changelog/helpscout-importer.html]
[www.plain.com/changelog/thread-fields-reporting.html]
[www.plain.com/changelog/discourse-integration.html]
[www.plain.com/changelog/new-workspace-roles-in-plain.html]
[www.plain.com/changelog/headless-support-portal.html]
[www.plain.com/changelog/slack-emoji-reactions-in-plain.html]
[www.plain.com/changelog/slack-auto-responses.html]
[www.plain.com/changelog/in-slack-actions-from-notifications.html]
[www.plain.com/changelog/plain-broadcasts.html]
[www.plain.com/feature/plain-broadcastsd9a2.html]
[www.plain.com/changelog/view-and-reply-to-discussions-in-plain.html]
[www.plain.com/changelog/conditional-autoresponses-and-thread-discussions.html]
[www.plain.com/changelog/starting-discussions-in-plain-and-ai-generated-titles-for-threads.html]
[www.plain.com/changelog/out-of-office.html]
[www.plain.com/changelog/tenants-tiers-and-slas.html]
[www.plain.com/changelog/insights.html]
[www.plain.com/changelog/salesforce-and-zendesk-importer.html]
[www.plain.com/changelog/thread-fields.html]
[www.plain.com/changelog/companies.html]
[www.plain.com/changelog/multiple-slack-workspaces-and-ai-message-grouping.html]
[www.plain.com/changelog/note-mentions.html]
[www.plain.com/changelog/manual-slack-message-tracking.html]
[www.plain.com/changelog/plain-is-now-available-in-slack.html]
[www.plain.com/changelog/new-context-menu-and-snippet-improvements.html]
[www.plain.com/changelog/ai-labels-and-summaries.html]
[www.plain.com/changelog/company-support.html]
[www.plain.com/changelog/new-documentation.html]
[www.plain.com/changelog/improved-linear-integration.html]
[www.plain.com/changelog/redesigned-interface.html]
[www.plain.com/changelog/an-all-new-workflow-redesigned-for-scale.html]
[www.plain.com/changelog/composer-improvements.html]
[www.plain.com/changelog/multiple-emails.html]
[www.plain.com/changelog/code-blocks.html]
[www.plain.com/changelog/soc2-type-ii.html]
[www.plain.com/changelog/typescript-sdk.html]
[www.plain.com/changelog/customer-groups.html]
[www.plain.com/changelog/new-navigation.html]
[www.plain.com/changelog/issue-filtering-and-issue-icons.html]
[www.plain.com/changelog/dark-mode.html]
[www.plain.com/changelog/linear-integration.html]
[www.plain.com/changelog/webhooks.html]
[www.plain.com/changelog/events-api.html]
[www.plain.com/changelog.html]
[www.plain.com/api-reference/ui-components/text.html]
[www.plain.com/changelog/the-first-discord-integration-for-b2b-support.html]
[www.plain.com/lets-chat2c75.html]
[www.plain.com/changelog/saved-views-and-favorite-pages.html]
[www.plain.com/changelog/linear-customer-requests-integration.html]
[www.plain.com/changelog/team-reporting.html]
[www.plain.com/changelog/ai-powered-suggested-responses.html]
[www.plain.com/changelog/updates-to-chat.html]
[www.plain.com/changelog/live-chat-beta.html]
[www.plain.com/changelog/new-ai-settings-page.html]
[www.plain.com/changelog/redesigned-sidebar.html]
[www.plain.com/changelog/jira-integration.html]
[www.plain.com/changelog/update-to-slack-digests.html]
[www.plain.com/changelog/multiple-assignees.html]
[www.plain.com/changelog/linear-issues.html]
[www.plain.com/changelog/kanban-board.html]
[www.plain.com/changelog/slack-digests.html]
[www.plain.com/changelog/upcoming-downtime-due-to-maintenance.html]
[www.plain.com/changelog/redesigned-support-queue.html]
[www.plain.com/changelog/automate-repetitive-tasks-with-workflow-rules.html]
[www.plain.com/changelog/auto-mark-customer-requests-as-done.html]
[www.plain.com/changelog/microsoft-teams-integration.html]
[www.plain.com/changelog/new-support-queue-statuses-in-plain.html]
[www.plain.com/changelog/helpscout-importer.html]
[www.plain.com/changelog/thread-fields-reporting.html]
[www.plain.com/changelog/discourse-integration.html]
[www.plain.com/changelog/new-workspace-roles-in-plain.html]
[www.plain.com/changelog/headless-support-portal.html]
[www.plain.com/changelog/slack-emoji-reactions-in-plain.html]
[www.plain.com/changelog/slack-auto-responses.html]
[www.plain.com/changelog/in-slack-actions-from-notifications.html]
[www.plain.com/changelog/plain-broadcasts.html]
[www.plain.com/feature/plain-broadcastsd9a2.html]
[www.plain.com/changelog/view-and-reply-to-discussions-in-plain.html]
[www.plain.com/changelog/conditional-autoresponses-and-thread-discussions.html]
[www.plain.com/changelog/starting-discussions-in-plain-and-ai-generated-titles-for-threads.html]
[www.plain.com/changelog/out-of-office.html]
[www.plain.com/changelog/tenants-tiers-and-slas.html]
[www.plain.com/changelog/insights.html]
[www.plain.com/changelog/salesforce-and-zendesk-importer.html]
[www.plain.com/changelog/thread-fields.html]
[www.plain.com/changelog/companies.html]
[www.plain.com/changelog/multiple-slack-workspaces-and-ai-message-grouping.html]
[www.plain.com/changelog/note-mentions.html]
[www.plain.com/changelog/manual-slack-message-tracking.html]
[www.plain.com/changelog/plain-is-now-available-in-slack.html]
[www.plain.com/changelog/new-context-menu-and-snippet-improvements.html]
[www.plain.com/changelog/ai-labels-and-summaries.html]
[www.plain.com/changelog/company-support.html]
[www.plain.com/changelog/new-documentation.html]
[www.plain.com/changelog/improved-linear-integration.html]
[www.plain.com/changelog/redesigned-interface.html]
[www.plain.com/changelog/an-all-new-workflow-redesigned-for-scale.html]
[www.plain.com/changelog/composer-improvements.html]
[www.plain.com/changelog/multiple-emails.html]
[www.plain.com/changelog/code-blocks.html]
[www.plain.com/changelog/soc2-type-ii.html]
[www.plain.com/changelog/typescript-sdk.html]
[www.plain.com/changelog/customer-groups.html]
[www.plain.com/changelog/new-navigation.html]
[www.plain.com/changelog/issue-filtering-and-issue-icons.html]
[www.plain.com/changelog/dark-mode.html]
[www.plain.com/changelog/linear-integration.html]
[www.plain.com/changelog/webhooks.html]
[www.plain.com/changelog/events-api.html]
